[portfolio.julienperrault.fr/index.html]
[backblue.gif]
[fade.gif]
[index.html]
[portfolio.julienperrault.fr/en/index.html]
[portfolio.julienperrault.fr/images/favicon.png]
[portfolio.julienperrault.fr/images/miniature.png]
[portfolio.julienperrault.fr/css/reset.css]
[portfolio.julienperrault.fr/css/jquery.fancybox.css]
[portfolio.julienperrault.fr/css/style.css]
[portfolio.julienperrault.fr/images/favicon.ico]
[portfolio.julienperrault.fr/js/jquery.isotope.min.js]
[portfolio.julienperrault.fr/js/jquery.min.js]
[portfolio.julienperrault.fr/js/jquery.appear.js]
[portfolio.julienperrault.fr/js/jquery.fancybox.pack.js]
[portfolio.julienperrault.fr/js/script.js]
[portfolio.julienperrault.fr/images/photo.jpg]
[portfolio.julienperrault.fr/images/isen.png]
[portfolio.julienperrault.fr/images/stgab.png]
[portfolio.julienperrault.fr/images/zip.png]
[portfolio.julienperrault.fr/images/indigobuzz.png]
[portfolio.julienperrault.fr/images/millenium.png]
[portfolio.julienperrault.fr/js/jquery-ui.js]
[portfolio.julienperrault.fr/images/mineboxradio.png]
[portfolio.julienperrault.fr/images/minecraftfr.png]
[portfolio.julienperrault.fr/images/c_ccna1.jpg]
[portfolio.julienperrault.fr/portfolio/DCDP.jpg]
[portfolio.julienperrault.fr/portfolio/PGW13.jpg]
[portfolio.julienperrault.fr/portfolio/Robot.zip]
[portfolio.julienperrault.fr/portfolio/RobotC.jpg]
[portfolio.julienperrault.fr/portfolio/Nihon.jpg]
[portfolio.julienperrault.fr/portfolio/Stunfest2015.jpg]
[portfolio.julienperrault.fr/portfolio/PGW15.jpg]
[portfolio.julienperrault.fr/portfolio/SitePerso.jpg]
[portfolio.julienperrault.fr/portfolio/QPUC.jar]
[portfolio.julienperrault.fr/portfolio/QPUC.jpg]
[portfolio.julienperrault.fr/portfolio/Unicorn.jpg]
[portfolio.julienperrault.fr/portfolio/FindMyInterest.png]
[portfolio.julienperrault.fr/index.html]
[portfolio.julienperrault.fr/en/images/c_ccna1.jpg]
[portfolio.julienperrault.fr/en/index.html]
[portfolio.julienperrault.fr/css/reset.css]
[portfolio.julienperrault.fr/images/fancybox/fancybox_sprite.png]
[portfolio.julienperrault.fr/images/fancybox/fancybox_loading.gif]
[portfolio.julienperrault.fr/images/fancybox/blank.gif]
[portfolio.julienperrault.fr/images/fancybox/fancybox_overlay.png]
[portfolio.julienperrault.fr/images/fancybox/fancybox_sprite@2x.png]
[portfolio.julienperrault.fr/images/fancybox/fancybox_loading@2x.gif]
[portfolio.julienperrault.fr/css/jquery.fancybox.css]
[portfolio.julienperrault.fr/images/fond.jpg]
[portfolio.julienperrault.fr/images/plus.png]
[portfolio.julienperrault.fr/images/home-icon.png]
[portfolio.julienperrault.fr/images/experience-icon.png]
[portfolio.julienperrault.fr/images/portfolio-icon.png]
[portfolio.julienperrault.fr/images/contact-icon.png]
[portfolio.julienperrault.fr/images/header-shadow.png]
[portfolio.julienperrault.fr/images/photo-inner.png]
[portfolio.julienperrault.fr/images/personal-info-sep.png]
[portfolio.julienperrault.fr/images/injob-icon.png]
[portfolio.julienperrault.fr/images/dl-icon.png]
[portfolio.julienperrault.fr/css/style.css]
[portfolio.julienperrault.fr/en/images/c_ccna1.html]
